 google_translate 
------------------
 test:
(1 row)

