                                                                                                                                                                                                                                                                                                                                                                                                                                                                                                                                                                                                                                                                                                                                                                                                                                                                                   google_translate                                                                                                                                                                                                                                                                                                                                                                                                                                                                                                                                                                                                                                                                                                                                                                                                                                                                                   
--------------------------------------------------------------------------------------------------------------------------------------------------------------------------------------------------------------------------------------------------------------------------------------------------------------------------------------------------------------------------------------------------------------------------------------------------------------------------------------------------------------------------------------------------------------------------------------------------------------------------------------------------------------------------------------------------------------------------------------------------------------------------------------------------------------------------------------------------------------------------------------------------------------------------------------------------------------------------------------------------------------------------------------------------------------------------------------------------------------------------------------------------------------------------------------------------------------------------------------------------------------------------------------------------------------------------------------------------------------------------------------------------------------------------------------------------------------------------------------------------------------------------------------------------------------------------------------------------------------------------------------------------------------------------------------------------------------------------------------------------------------------------------------
 !. &quot;# $% &amp; &#39;() * +, - / 0123456789:; &lt;=&gt; @ ABCDEFGHIJKLMNOPQRSTUVWXYZ [\\] ^ _` abcdefghijklmnopqrstuvwxyz | ~ |§¨ © ª «¬®¯ ° ± ²³&#39;μ¶ · ¸? ¹º »¼½¾¿ÀÁÂÃÄÅÆÇÈÉÊËÌÍÎÏÐÑÒÓÔÕÖ × ØÙÚÛÜÝÞßàáâãäåæçèéêëìíîïðñòóôõö ÷ øùúûüýþÿĀāĂăĄąĆćĈĉĊċČčĎďĐđĒēĔĕĖėĘęĚěĜĝĞğĠġĢģĤĥĦħĨĩĪīĬĭĮįİıĲĳĴĵĶķĸĹĺĻļĽľĿŀŁłŃńŅņŇňŉŊŋŌōŎŏŐőŒœŔŕŖŗŘřŚśŜŝŞşŠšŢţŤťŦŧŨũŪūŬŭŮůŰűŲųŴŵŶŷŸŹźŻżŽžsƀƁƂƃƄƅƆƇƈƉƊƋƌƍƎƏƐƑƒƓƔƕƖƗƘƙƚƛƜƝƞƟƠơƢƣƤƥƦƧƨΣƪƫƬƭƮƯưƱƲƳƴƵƶƷƸƹƺƻƼƽƾƿ|ǁǂ!ǄǅǆǇǈǉǊǋǌǍǎǏǐǑǒǓǔǕǖǗǘǙǚǛǜǝǞǟǠǡǢǣǤǥǦǧǨǩǪǫǬǭǮǯǰǱǲǳǴǵǶǷǸǹǺǻǼǽǾǿȀȁȂȃȄȅȆȇȈȉȊȋȌȍȎȏȐȑȒȓȔȕȖȗŞşŢţȜȝȞȟȠȡȢȣȤȥȦȧȨȩȪȫȬȭȮȯȰȱȲȳȴȵȶȷȸȹȺȻȼȽȾȿɀɁɂɃɄɅɆɇɈɉɊɋɌɍɎɏɐɑɒɓɔɕɖɗɘəɚɛɜɝɞɟɠɡɢɣɤɥɦɧɨɩɪɫɬɭɮɯɰɱɲɳɴɵɶɷɸɹɺɻɼɽɾɿʀʁʂʃʄʅʆʇʈʉʊʋʌʍʎʏʐʑʒʓʔʕʖʗʘʙʚʛʜʝʞʟʠʡʢʣʤʥʦʧʨʩʪʫʬʭʮʯʰʱʲʳʴʵʶʷʸ&#39;&quot;&#39;&#39;&#39;&#39;&#39;ˀˁ˂˃˅ˉ&#39;&#39;ˌˎˏːˑ˒˓˔˕˖˗˘˙˚˛~˝˞˟ˠˡˢˣˤ˥˦˧˨˩˪˫ˬ˭ˮ˯˰˱˲˳˴˵˶˷˸ ˹˺˻˼˽˾˿̴̵̶̷̸̡̢̧̨̛̖̗̘̙̜̝̞̟̠̣̤̥̦̩̪̫̬̭̮̯̰̳̹̺̻̼͇͈͉͍͎̄̅̆̇̈̉̊̋̌̍̏̐̑̒̓̔̽̾̿̓̈͆͊͋͌̕̚͏͓͔͕͖͙͚͐͑͒͗͛ͣͤͥͦͧͨͩͪͫͬͭͮͯ͘͜͟͢͝͞͠͡ͰͱͲͳ&#39;͵Ͷͷ͸͹ͻͼͽ; Ϳ΀΁΂΃Ά · ΈΉΊ΋Ό΍ΎΏΐΑΒΓΔΕΖΗΘΙΚΛΜΝΞΟΠΡ΢ΣΤΥΦΧΨΩΪΫάέήίΰαβγδεζηθικλμνξοπρςστυφχψωϊϋόύώϏβθΥΎΫφπ&amp;ϘϙϚςϜϝϞϟϠϡϢϣϤϥϦϧϨϩϪϫϬϭϮϯκρςϳΘε϶ϷϸΣϺϻϼϽϾϿЀЁЂЃЄЅІЇЈЉЊЋЌЍЎЏABVGDEZhZIYKLMNOPRSTUFHTsChShSchYEYuYaabvgdezhziyklmnoprstufhtschshschyeyuyaѐёђѓєѕіїјљњћќѝўџѠѡѢѣѤѥѦѧѨѩѪѫѬѭѮѯѰѱѲѳѴѵѶѷѸѹѺѻѼѽѾѿҀҁ҂҃҄҅҆҇҈҉ҊҋҌҍҎҏҐґҒғҔҕҖҗҘҙҚқҜҝҞҟҠҡҢңҤҥҦҧҨҩҪҫҬҭҮүҰұҲҳҴҵҶҷҸҹҺһҼҽҾҿӀӁӂӃӄӅӆӇӈӉӊӋӌӍӎӏӐӑӒӓӔӕӖӗӘәӚӛӜӝӞӟӠӡӢӣӤӥӦӧӨөӪӫӬӭӮӯӰӱӲӳӴӵӶӷӸӹӺӻӼӽӾӿԀԁԂԃԄԅԆԇԈԉԊԋԌԍԎԏԐԑԒԓԔԕԖԗԘԙԚԛԜԝԞԟԠԡԢԣԤԥԦԧԨԩԪԫԬԭԮԯ ԰ԱԲԳԴԵԶԷԸԹԺԻԼԽԾԿՀՁՂՃՄՅՆՇՈՉՊՋՌՍՎՏՐՑՒՓՔՕՖ՗՘՜, ՠաբգդեզէըթժիլխծկհձղճմյնշոչպջռսվտրցւփքօֆեւֈ.- ֋֌֍֎֏ ֐ְֱֲֳִֵֶַָֹֺֻּֽ֑֖֛֢֣֤֥֦֧֪֚֭֮֒֓֔֕֗֘֙֜֝֞֟֠֡֨֩֫֬֯-ֿ|ׁׂ:ׅׄ׆ׇ׈׉׊׋׌׍׎׏אבגדהוזחטיךכלםמןנסעףפץצקרשת׫׬׭׮ׯוווייי&#39;&quot;׵׶׷׸׹׺׻׼׽׾׿ \u0600\u0601\u0602\u0603؄؅؆ ؇؈؉؊؋, /؎؏ؘؙؚؖؗ;? ؜؝* ؠءآأؤإئابةتثجحخدذرزسشصضطظعغػؼؽؾؿفقكلمنهوىيٟ% .,*ٮٯٱٲٳٴاٴوٴۇٴيٴٹٺٻټٽپٿڀځڂڃڄڅچڇڈډڊڋڌڍڎڏڐڑڒړڔڕږڗژڙښڛڜڝڞڟڠڡڢڣڤڥڦڧڨکڪګڬڭڮگڰڱڲڳڴڵڶڷڸڹںڻڼڽھڿۀہۂۃۄۅۆۇۈۉۊۋیۍێۏېۑےۓ.ە\u06dd۞۩ۮۯ 0123456789 0123456789 ۺۻۼ۽۾ۿ ܀܁܂܃܄܅܆܇܈܉܊܋܌܍܎\u070fܐܑܒ
(1 row)

