    translate     
------------------
 📝 😂 🚲 📀 ☪️ 🐶 🐘🐘🐘
(1 row)

