             translate             
-----------------------------------
 {"Привет мир","и привет еще раз"}
(1 row)

