  urlencode  
-------------
 hello+world
(1 row)

