       urlencode        
------------------------
 big%20%E2%80%94%20dash
(1 row)

